[2026-10-01 23:56:48] [INFO ] Starting UDP Mail Server on port 5000...
[2026-10-01 23:56:48] [INFO ] Server successfully bound to 0.0.0.0/0.0.0.0:5000 [RUNNING]
[2026-10-01 23:57:06] [INFO ] [LOGIN] Attempt from 127.0.0.1:62103 | User: 'an123' | Password: '123'
[2026-10-01 23:57:06] [INFO ] [LOGIN_SUCCESS] User 'an123' logged in -> Token: sess-3a47e317-8394-4dad-8a69-5dba597dcf86 | Directory Files: [new_email.txt]
[2026-10-01 23:57:06] [INFO ] [LIST] User 'an123' listed folder 'INBOX' -> 1 emails (0 unread)
[2026-10-01 23:57:06] [INFO ] [LIST] User 'an123' listed folder 'INBOX' -> 1 emails (0 unread)
[2026-10-01 23:57:08] [INFO ] [LIST] User 'an123' listed folder 'INBOX' -> 1 emails (0 unread)
[2026-10-01 23:57:08] [INFO ] [LIST] User 'an123' listed folder 'INBOX' -> 1 emails (0 unread)
[2026-10-01 23:57:11] [INFO ] [LIST] User 'an123' listed folder 'INBOX' -> 1 emails (0 unread)
[2026-10-01 23:57:11] [INFO ] [LIST] User 'an123' listed folder 'INBOX' -> 1 emails (0 unread)
[2026-10-01 23:57:13] [INFO ] [LIST] User 'an123' listed folder 'INBOX' -> 1 emails (0 unread)
[2026-10-01 23:57:13] [INFO ] [LIST] User 'an123' listed folder 'INBOX' -> 1 emails (0 unread)
[2026-10-01 23:57:16] [INFO ] [PING] From 127.0.0.1:62103 -> PONG
[2026-10-01 23:57:16] [INFO ] [LIST] User 'an123' listed folder 'INBOX' -> 1 emails (0 unread)
[2026-10-01 23:57:16] [INFO ] [LIST] User 'an123' listed folder 'INBOX' -> 1 emails (0 unread)
[2026-10-01 23:57:18] [INFO ] [LIST] User 'an123' listed folder 'INBOX' -> 1 emails (0 unread)
[2026-10-01 23:57:18] [INFO ] [LIST] User 'an123' listed folder 'INBOX' -> 1 emails (0 unread)
[2026-10-01 23:57:21] [INFO ] [LIST] User 'an123' listed folder 'INBOX' -> 1 emails (0 unread)
[2026-10-01 23:57:21] [INFO ] [LIST] User 'an123' listed folder 'INBOX' -> 1 emails (0 unread)
[2026-10-01 23:57:23] [INFO ] [LIST] User 'an123' listed folder 'INBOX' -> 1 emails (0 unread)
[2026-10-01 23:57:23] [INFO ] [LIST] User 'an123' listed folder 'INBOX' -> 1 emails (0 unread)
[2026-10-01 23:57:26] [INFO ] [PING] From 127.0.0.1:62103 -> PONG
[2026-10-01 23:57:26] [INFO ] [LIST] User 'an123' listed folder 'INBOX' -> 1 emails (0 unread)
[2026-10-01 23:57:26] [INFO ] [LIST] User 'an123' listed folder 'INBOX' -> 1 emails (0 unread)
[2026-10-01 23:57:28] [INFO ] [LIST] User 'an123' listed folder 'INBOX' -> 1 emails (0 unread)
[2026-10-01 23:57:28] [INFO ] [LIST] User 'an123' listed folder 'INBOX' -> 1 emails (0 unread)
[2026-10-01 23:57:31] [INFO ] [LIST] User 'an123' listed folder 'INBOX' -> 1 emails (0 unread)
[2026-10-01 23:57:31] [INFO ] [LIST] User 'an123' listed folder 'INBOX' -> 1 emails (0 unread)
[2026-10-01 23:57:33] [INFO ] [LIST] User 'an123' listed folder 'INBOX' -> 1 emails (0 unread)
[2026-10-01 23:57:33] [INFO ] [LIST] User 'an123' listed folder 'INBOX' -> 1 emails (0 unread)
[2026-10-01 23:57:36] [INFO ] [PING] From 127.0.0.1:62103 -> PONG
[2026-10-01 23:57:36] [INFO ] [LIST] User 'an123' listed folder 'INBOX' -> 1 emails (0 unread)
[2026-10-01 23:57:36] [INFO ] [LIST] User 'an123' listed folder 'INBOX' -> 1 emails (0 unread)
[2026-10-01 23:57:38] [INFO ] [LIST] User 'an123' listed folder 'INBOX' -> 1 emails (0 unread)
[2026-10-01 23:57:38] [INFO ] [LIST] User 'an123' listed folder 'INBOX' -> 1 emails (0 unread)
[2026-10-01 23:57:41] [INFO ] [LIST] User 'an123' listed folder 'INBOX' -> 1 emails (0 unread)
[2026-10-01 23:57:41] [INFO ] [LIST] User 'an123' listed folder 'INBOX' -> 1 emails (0 unread)
[2026-10-01 23:57:43] [INFO ] [LIST] User 'an123' listed folder 'INBOX' -> 1 emails (0 unread)
[2026-10-01 23:57:43] [INFO ] [LIST] User 'an123' listed folder 'INBOX' -> 1 emails (0 unread)
[2026-10-01 23:57:46] [INFO ] [PING] From 127.0.0.1:62103 -> PONG
[2026-10-01 23:57:46] [INFO ] [LIST] User 'an123' listed folder 'INBOX' -> 1 emails (0 unread)
[2026-10-01 23:57:46] [INFO ] [LIST] User 'an123' listed folder 'INBOX' -> 1 emails (0 unread)
[2026-10-01 23:57:48] [INFO ] [LIST] User 'an123' listed folder 'INBOX' -> 1 emails (0 unread)
[2026-10-01 23:57:48] [INFO ] [LIST] User 'an123' listed folder 'INBOX' -> 1 emails (0 unread)
[2026-10-01 23:57:51] [INFO ] [LIST] User 'an123' listed folder 'INBOX' -> 1 emails (0 unread)
[2026-10-01 23:57:51] [INFO ] [LIST] User 'an123' listed folder 'INBOX' -> 1 emails (0 unread)
[2026-10-01 23:57:53] [INFO ] [LIST] User 'an123' listed folder 'INBOX' -> 1 emails (0 unread)
[2026-10-01 23:57:53] [INFO ] [LIST] User 'an123' listed folder 'INBOX' -> 1 emails (0 unread)
[2026-10-01 23:57:56] [INFO ] [PING] From 127.0.0.1:62103 -> PONG
[2026-10-01 23:57:56] [INFO ] [LIST] User 'an123' listed folder 'INBOX' -> 1 emails (0 unread)
[2026-10-01 23:57:56] [INFO ] [LIST] User 'an123' listed folder 'INBOX' -> 1 emails (0 unread)
[2026-10-01 23:57:58] [INFO ] [LIST] User 'an123' listed folder 'INBOX' -> 1 emails (0 unread)
[2026-10-01 23:57:58] [INFO ] [LIST] User 'an123' listed folder 'INBOX' -> 1 emails (0 unread)
[2026-10-01 23:58:01] [INFO ] [LIST] User 'an123' listed folder 'INBOX' -> 1 emails (0 unread)
[2026-10-01 23:58:01] [INFO ] [LIST] User 'an123' listed folder 'INBOX' -> 1 emails (0 unread)
[2026-10-01 23:58:03] [INFO ] [LIST] User 'an123' listed folder 'INBOX' -> 1 emails (0 unread)
[2026-10-01 23:58:03] [INFO ] [LIST] User 'an123' listed folder 'INBOX' -> 1 emails (0 unread)
[2026-10-01 23:58:06] [INFO ] [PING] From 127.0.0.1:62103 -> PONG
[2026-10-01 23:58:06] [INFO ] [LIST] User 'an123' listed folder 'INBOX' -> 1 emails (0 unread)
[2026-10-01 23:58:06] [INFO ] [LIST] User 'an123' listed folder 'INBOX' -> 1 emails (0 unread)
[2026-10-01 23:58:08] [INFO ] [LIST] User 'an123' listed folder 'INBOX' -> 1 emails (0 unread)
[2026-10-01 23:58:08] [INFO ] [LIST] User 'an123' listed folder 'INBOX' -> 1 emails (0 unread)
[2026-10-01 23:58:11] [INFO ] [LIST] User 'an123' listed folder 'INBOX' -> 1 emails (0 unread)
[2026-10-01 23:58:11] [INFO ] [LIST] User 'an123' listed folder 'INBOX' -> 1 emails (0 unread)
[2026-10-01 23:58:13] [INFO ] [LIST] User 'an123' listed folder 'INBOX' -> 1 emails (0 unread)
[2026-10-01 23:58:13] [INFO ] [LIST] User 'an123' listed folder 'INBOX' -> 1 emails (0 unread)
[2026-10-01 23:58:16] [INFO ] [PING] From 127.0.0.1:62103 -> PONG
[2026-10-01 23:58:16] [INFO ] [LIST] User 'an123' listed folder 'INBOX' -> 1 emails (0 unread)
[2026-10-01 23:58:16] [INFO ] [LIST] User 'an123' listed folder 'INBOX' -> 1 emails (0 unread)
[2026-10-01 23:58:18] [INFO ] [READ] User 'an123' opened mail 'new_email' ('Thank you for using this service. we hope that you will feel comfortabl........') from System [127.0.0.1:5000]
[2026-10-01 23:58:18] [INFO ] [LIST] User 'an123' listed folder 'INBOX' -> 1 emails (0 unread)
[2026-10-01 23:58:18] [INFO ] [LIST] User 'an123' listed folder 'INBOX' -> 1 emails (0 unread)
[2026-10-01 23:58:18] [INFO ] [LIST] User 'an123' listed folder 'INBOX' -> 1 emails (0 unread)
[2026-10-01 23:58:21] [INFO ] [LIST] User 'an123' listed folder 'INBOX' -> 1 emails (0 unread)
[2026-10-01 23:58:21] [INFO ] [LIST] User 'an123' listed folder 'INBOX' -> 1 emails (0 unread)
[2026-10-01 23:58:23] [INFO ] [LIST] User 'an123' listed folder 'INBOX' -> 1 emails (0 unread)
[2026-10-01 23:58:23] [INFO ] [LIST] User 'an123' listed folder 'INBOX' -> 1 emails (0 unread)
[2026-10-01 23:58:26] [INFO ] [PING] From 127.0.0.1:62103 -> PONG
[2026-10-01 23:58:26] [INFO ] [LIST] User 'an123' listed folder 'INBOX' -> 1 emails (0 unread)
[2026-10-01 23:58:26] [INFO ] [LIST] User 'an123' listed folder 'INBOX' -> 1 emails (0 unread)
[2026-10-01 23:58:28] [INFO ] [LIST] User 'an123' listed folder 'INBOX' -> 1 emails (0 unread)
[2026-10-01 23:58:28] [INFO ] [LIST] User 'an123' listed folder 'INBOX' -> 1 emails (0 unread)
[2026-10-01 23:58:30] [INFO ] [LIST] User 'an123' listed folder 'SENT' -> 1 emails (0 unread)
[2026-10-01 23:58:31] [INFO ] [LIST] User 'an123' listed folder 'SENT' -> 1 emails (0 unread)
[2026-10-01 23:58:31] [INFO ] [LIST] User 'an123' listed folder 'INBOX' -> 1 emails (0 unread)
[2026-10-01 23:58:31] [INFO ] [LIST] User 'an123' listed folder 'DRAFTS' -> 0 emails (0 unread)
[2026-10-01 23:58:32] [INFO ] [LIST] User 'an123' listed folder 'SENT' -> 1 emails (0 unread)
[2026-10-01 23:58:33] [INFO ] [LIST] User 'an123' listed folder 'INBOX' -> 1 emails (0 unread)
[2026-10-01 23:58:34] [INFO ] [LIST] User 'an123' listed folder 'INBOX' -> 1 emails (0 unread)
[2026-10-01 23:58:34] [INFO ] [LIST] User 'an123' listed folder 'INBOX' -> 1 emails (0 unread)
[2026-10-01 23:58:36] [INFO ] [PING] From 127.0.0.1:62103 -> PONG
[2026-10-01 23:58:36] [INFO ] [LIST] User 'an123' listed folder 'INBOX' -> 1 emails (0 unread)
[2026-10-01 23:58:36] [INFO ] [LIST] User 'an123' listed folder 'INBOX' -> 1 emails (0 unread)
[2026-10-01 23:58:38] [INFO ] [LIST] User 'an123' listed folder 'SENT' -> 1 emails (0 unread)
[2026-10-01 23:58:39] [INFO ] [LIST] User 'an123' listed folder 'SENT' -> 1 emails (0 unread)
[2026-10-01 23:58:39] [INFO ] [LIST] User 'an123' listed folder 'INBOX' -> 1 emails (0 unread)
[2026-10-01 23:58:39] [INFO ] [LIST] User 'an123' listed folder 'DRAFTS' -> 0 emails (0 unread)
[2026-10-01 23:58:41] [INFO ] [LIST] User 'an123' listed folder 'DRAFTS' -> 0 emails (0 unread)
[2026-10-01 23:58:41] [INFO ] [LIST] User 'an123' listed folder 'INBOX' -> 1 emails (0 unread)
[2026-10-01 23:58:44] [INFO ] [LIST] User 'an123' listed folder 'DRAFTS' -> 0 emails (0 unread)
[2026-10-01 23:58:44] [INFO ] [LIST] User 'an123' listed folder 'INBOX' -> 1 emails (0 unread)
[2026-10-01 23:58:46] [INFO ] [PING] From 127.0.0.1:62103 -> PONG
[2026-10-01 23:58:46] [INFO ] [LIST] User 'an123' listed folder 'INBOX' -> 1 emails (0 unread)
[2026-10-01 23:58:46] [INFO ] [LIST] User 'an123' listed folder 'DRAFTS' -> 0 emails (0 unread)
[2026-10-01 23:58:49] [INFO ] [LIST] User 'an123' listed folder 'INBOX' -> 1 emails (0 unread)
[2026-10-01 23:58:49] [INFO ] [LIST] User 'an123' listed folder 'DRAFTS' -> 0 emails (0 unread)
[2026-10-01 23:58:51] [INFO ] [LIST] User 'an123' listed folder 'INBOX' -> 1 emails (0 unread)
[2026-10-01 23:58:51] [INFO ] [LIST] User 'an123' listed folder 'DRAFTS' -> 0 emails (0 unread)
[2026-10-01 23:58:52] [INFO ] [LIST] User 'an123' listed folder 'INBOX' -> 1 emails (0 unread)
[2026-10-01 23:58:54] [INFO ] [LIST] User 'an123' listed folder 'INBOX' -> 1 emails (0 unread)
[2026-10-01 23:58:54] [INFO ] [LIST] User 'an123' listed folder 'INBOX' -> 1 emails (0 unread)
[2026-10-01 23:58:56] [INFO ] [PING] From 127.0.0.1:62103 -> PONG
[2026-10-01 23:58:56] [INFO ] [LIST] User 'an123' listed folder 'INBOX' -> 1 emails (0 unread)
[2026-10-01 23:58:56] [INFO ] [LIST] User 'an123' listed folder 'INBOX' -> 1 emails (0 unread)
[2026-10-01 23:58:59] [INFO ] [LIST] User 'an123' listed folder 'INBOX' -> 1 emails (0 unread)
[2026-10-01 23:58:59] [INFO ] [LIST] User 'an123' listed folder 'INBOX' -> 1 emails (0 unread)
[2026-10-01 23:59:01] [INFO ] [LIST] User 'an123' listed folder 'INBOX' -> 1 emails (0 unread)
[2026-10-01 23:59:01] [INFO ] [LIST] User 'an123' listed folder 'INBOX' -> 1 emails (0 unread)
[2026-10-01 23:59:04] [INFO ] [LIST] User 'an123' listed folder 'INBOX' -> 1 emails (0 unread)
[2026-10-01 23:59:04] [INFO ] [LIST] User 'an123' listed folder 'INBOX' -> 1 emails (0 unread)
[2026-10-01 23:59:06] [INFO ] [PING] From 127.0.0.1:62103 -> PONG
[2026-10-01 23:59:06] [INFO ] [LIST] User 'an123' listed folder 'INBOX' -> 1 emails (0 unread)
[2026-10-01 23:59:06] [INFO ] [LIST] User 'an123' listed folder 'INBOX' -> 1 emails (0 unread)
[2026-10-01 23:59:09] [INFO ] [LIST] User 'an123' listed folder 'INBOX' -> 1 emails (0 unread)
[2026-10-01 23:59:09] [INFO ] [LIST] User 'an123' listed folder 'INBOX' -> 1 emails (0 unread)
[2026-10-01 23:59:11] [INFO ] [LIST] User 'an123' listed folder 'INBOX' -> 1 emails (0 unread)
[2026-10-01 23:59:11] [INFO ] [LIST] User 'an123' listed folder 'INBOX' -> 1 emails (0 unread)
[2026-10-01 23:59:14] [INFO ] [LIST] User 'an123' listed folder 'INBOX' -> 1 emails (0 unread)
[2026-10-01 23:59:14] [INFO ] [LIST] User 'an123' listed folder 'INBOX' -> 1 emails (0 unread)
[2026-10-01 23:59:16] [INFO ] [PING] From 127.0.0.1:62103 -> PONG
[2026-10-01 23:59:16] [INFO ] [LIST] User 'an123' listed folder 'INBOX' -> 1 emails (0 unread)
[2026-10-01 23:59:16] [INFO ] [LIST] User 'an123' listed folder 'INBOX' -> 1 emails (0 unread)
[2026-10-01 23:59:19] [INFO ] [LIST] User 'an123' listed folder 'INBOX' -> 1 emails (0 unread)
[2026-10-01 23:59:19] [INFO ] [LIST] User 'an123' listed folder 'INBOX' -> 1 emails (0 unread)
[2026-10-01 23:59:21] [INFO ] [LIST] User 'an123' listed folder 'INBOX' -> 1 emails (0 unread)
[2026-10-01 23:59:21] [INFO ] [LIST] User 'an123' listed folder 'INBOX' -> 1 emails (0 unread)
[2026-10-01 23:59:24] [INFO ] [LIST] User 'an123' listed folder 'INBOX' -> 1 emails (0 unread)
[2026-10-01 23:59:24] [INFO ] [LIST] User 'an123' listed folder 'INBOX' -> 1 emails (0 unread)
[2026-10-01 23:59:26] [INFO ] [PING] From 127.0.0.1:62103 -> PONG
[2026-10-01 23:59:26] [INFO ] [LIST] User 'an123' listed folder 'INBOX' -> 1 emails (0 unread)
[2026-10-01 23:59:26] [INFO ] [LIST] User 'an123' listed folder 'INBOX' -> 1 emails (0 unread)
[2026-10-01 23:59:29] [INFO ] [LIST] User 'an123' listed folder 'INBOX' -> 1 emails (0 unread)
[2026-10-01 23:59:29] [INFO ] [LIST] User 'an123' listed folder 'INBOX' -> 1 emails (0 unread)
[2026-10-01 23:59:31] [INFO ] [LIST] User 'an123' listed folder 'INBOX' -> 1 emails (0 unread)
[2026-10-01 23:59:31] [INFO ] [LIST] User 'an123' listed folder 'INBOX' -> 1 emails (0 unread)
[2026-10-01 23:59:34] [INFO ] [LIST] User 'an123' listed folder 'INBOX' -> 1 emails (0 unread)
[2026-10-01 23:59:34] [INFO ] [LIST] User 'an123' listed folder 'INBOX' -> 1 emails (0 unread)
[2026-10-01 23:59:36] [INFO ] [PING] From 127.0.0.1:62103 -> PONG
[2026-10-01 23:59:36] [INFO ] [LIST] User 'an123' listed folder 'INBOX' -> 1 emails (0 unread)
[2026-10-01 23:59:36] [INFO ] [LIST] User 'an123' listed folder 'INBOX' -> 1 emails (0 unread)
[2026-10-01 23:59:39] [INFO ] [LIST] User 'an123' listed folder 'INBOX' -> 1 emails (0 unread)
[2026-10-01 23:59:39] [INFO ] [LIST] User 'an123' listed folder 'INBOX' -> 1 emails (0 unread)
[2026-10-01 23:59:41] [INFO ] [LIST] User 'an123' listed folder 'INBOX' -> 1 emails (0 unread)
[2026-10-01 23:59:41] [INFO ] [LIST] User 'an123' listed folder 'INBOX' -> 1 emails (0 unread)
[2026-10-01 23:59:44] [INFO ] [LIST] User 'an123' listed folder 'INBOX' -> 1 emails (0 unread)
[2026-10-01 23:59:44] [INFO ] [LIST] User 'an123' listed folder 'INBOX' -> 1 emails (0 unread)
[2026-10-01 23:59:46] [INFO ] [PING] From 127.0.0.1:62103 -> PONG
[2026-10-01 23:59:46] [INFO ] [LIST] User 'an123' listed folder 'INBOX' -> 1 emails (0 unread)
[2026-10-01 23:59:46] [INFO ] [LIST] User 'an123' listed folder 'INBOX' -> 1 emails (0 unread)
[2026-10-01 23:59:49] [INFO ] [LIST] User 'an123' listed folder 'INBOX' -> 1 emails (0 unread)
[2026-10-01 23:59:49] [INFO ] [LIST] User 'an123' listed folder 'INBOX' -> 1 emails (0 unread)
[2026-10-01 23:59:51] [INFO ] [LIST] User 'an123' listed folder 'INBOX' -> 1 emails (0 unread)
[2026-10-01 23:59:51] [INFO ] [LIST] User 'an123' listed folder 'INBOX' -> 1 emails (0 unread)
[2026-10-01 23:59:54] [INFO ] [LIST] User 'an123' listed folder 'INBOX' -> 1 emails (0 unread)
[2026-10-01 23:59:54] [INFO ] [LIST] User 'an123' listed folder 'INBOX' -> 1 emails (0 unread)
[2026-10-01 23:59:56] [INFO ] [PING] From 127.0.0.1:62103 -> PONG
[2026-10-01 23:59:56] [INFO ] [LIST] User 'an123' listed folder 'INBOX' -> 1 emails (0 unread)
[2026-10-01 23:59:56] [INFO ] [LIST] User 'an123' listed folder 'INBOX' -> 1 emails (0 unread)
[2026-10-01 23:59:59] [INFO ] [LIST] User 'an123' listed folder 'INBOX' -> 1 emails (0 unread)
[2026-10-01 23:59:59] [INFO ] [LIST] User 'an123' listed folder 'INBOX' -> 1 emails (0 unread)
